teams_all[teams_all.name== 'Boise St.'].sort()
games_all
features_total = pd.concat([features_1, features_2])
features_total.drop(['team1','team2','year','name_1','name_2'], inplace=True, axis=1)
results[results.res.notnull()]
t_B_fts = teams[(teams.name==team_b) & (teams.year == year)]
t_A_fts = teams[(teams.name==team_a) & (teams.year == year)]
fts.drop(['name_1','name_2','year'], inplace=True, axis=1)
fts['value'] = value
fts = fts[(fts.name_1.notnull()) & (fts.name_2.notnull())]
fs