state=df_county_data['State']
county = df_county_data["County Name"]
grad_rate = df_county_data["Graduation Rate"]
x_axis = np.arange(len(state))
pov_rate = df_county_data["Poverty Rate"]
x_axis = np.arange(len(pov_rate))
t = np.arange(len(county))
x = df_county_data["Poverty Rate"] 
y = df_county_data["Graduation Rate"]
mask = ~np.isnan(x) & ~np.isnan(y)
house_size = df_county_data["Household Size"]
x_axis = np.arange(len(house_size))
pov_rate = df_county_data["Household Size"]
x = df_county_data["Household Size"]
house_size = df_county_data["Unemployment Rate"]
pov_rate = df_county_data["Unemployment Rate"]
x = df_county_data["Unemployment Rate"]
house_size = df_county_data["Median Income"]
pov_rate = df_county_data["Median Income"]
x = df_county_data["Median Income"]
house_size = df_county_data["Speak a language other than English"]