display(data.describe())
display(samples - data.mean().round())
display(samples - data.median().round())
samples_w_total = samples.copy()
samples_w_total['Total'] = samples_w_total.sum(axis=1)
samples_percentage = samples.loc[:,"Fresh":"Delicatessen"].div(samples_w_total['Total'], axis=0) * 100
samples_percentage['Total'] = samples_percentage.sum(axis=1)
samples_percentage
new_data = data.copy()
X_all = new_data.drop(column_to_study, axis=1)
y_all = data[column_to_study]
df_preds = pd.concat([df_diffs, pd.Series(sample_preds, name='PREDICTION')], axis=1)