state=df_county_data['State']
county = df_county_data["County Name"]
grad_rate = df_county_data["Graduation Rate"]
pov_rate = df_county_data["Poverty Rate"]
x = df_county_data["Poverty Rate"]
y = df_county_data["Graduation Rate"]
house_size = df_county_data["Household Size"]
pov_rate = df_county_data["Household Size"]
x = df_county_data["Household Size"]
house_size = df_county_data["Unemployment Rate"]
pov_rate = df_county_data["Unemployment Rate"]
x = df_county_data["Unemployment Rate"]
house_size = df_county_data["Median Income"]
pov_rate = df_county_data["Median Income"]
x = df_county_data["Median Income"]
house_size = df_county_data["Speak a language other than English"]
df_county_data
county = df_county_data["County Name"]
grad_rate = df_county_data["Graduation Rate"]
pov_rate = df_county_data["Poverty Rate"]
county = df_county_data["County Name"]
grad_rate = df_county_data["Graduation Rate"]
pov_rate = df_county_data["Poverty Rate"]
county = df_county_data["County Name"]
grad_rate = df_county_data["Graduation Rate"]
house_size = df_county_data["Household Size"]
county = df_county_data["County Name"]
grad_rate = df_county_data["Graduation Rate"]
y = df_county_data["Graduation Rate"]
county = df_county_data["County Name"]
grad_rate = df_county_data["Graduation Rate"]
house_size = df_county_data["Unemployment Rate"]
county = df_county_data["County Name"]
grad_rate = df_county_data["Graduation Rate"]
y = df_county_data["Graduation Rate"]
county = df_county_data["County Name"]
grad_rate = df_county_data["Graduation Rate"]
house_size = df_county_data["Median Income"]
county = df_county_data["County Name"]
grad_rate = df_county_data["Graduation Rate"]
y = df_county_data["Graduation Rate"]
county = df_county_data["County Name"]
grad_rate = df_county_data["Graduation Rate"]
house_size = df_county_data["Speak a language other than English"]
county = df_county_data["County Name"]
grad_rate = df_county_data["Graduation Rate"]
pov_rate = df_county_data["Speak a language other than English"]
y = df_county_data["Graduation Rate"]
x = df_county_data["Speak a language other than English"]