data[data.symbol == "FB"].head()
data.symbol.unique()[:50]
len(data.symbol.unique())
aapl = data[data.symbol == "AAPL"]
aapl_close = aapl[["close"]]
dates = aapl[["date"]]
aapl_change = aapl_close.apply(lambda x: np.log(x) - np.log(x.shift(1))) # shift moves dates back by 1.
googl = data[data.symbol == "GOOGL"]