modeling_df = pd.read_csv('data/weather_with_avg_hourly_flight_delay.csv', index_col=False)