county_data = pd.read_csv(file_to_load)
df_county_data = pd.DataFrame(county_data)
county = df_county_data["County Name"]
grad_rate = df_county_data["Graduation Rate"]
state=df_county_data['State']
county = df_county_data["County Name"]
pov_rate = df_county_data["Poverty Rate"]
grad_rate = df_county_data["Graduation Rate"]
pov_rate = df_county_data["Poverty Rate"]
pov_rate = df_county_data["Poverty Rate"]
grad_rate = df_county_data["Graduation Rate"]
county = df_county_data["County Name"]
y = df_county_data["Graduation Rate"]
x = df_county_data["Poverty Rate"]
county = df_county_data["County Name"]
house_size = df_county_data["Household Size"]
grad_rate = df_county_data["Graduation Rate"]
house_size = df_county_data["Household Size"]
pov_rate = df_county_data["Household Size"]
grad_rate = df_county_data["Graduation Rate"]
county = df_county_data["County Name"]
y = df_county_data["Graduation Rate"]
x = df_county_data["Household Size"]
county = df_county_data["County Name"]
house_size = df_county_data["Unemployment Rate"]
grad_rate = df_county_data["Graduation Rate"]
house_size = df_county_data["Unemployment Rate"]
pov_rate = df_county_data["Unemployment Rate"]
grad_rate = df_county_data["Graduation Rate"]
county = df_county_data["County Name"]
x = df_county_data["Unemployment Rate"]
y = df_county_data["Graduation Rate"]
county = df_county_data["County Name"]
house_size = df_county_data["Median Income"]
house_size = df_county_data["Median Income"]
grad_rate = df_county_data["Graduation Rate"]
grad_rate = df_county_data["Graduation Rate"]
county = df_county_data["County Name"]
pov_rate = df_county_data["Median Income"]
y = df_county_data["Graduation Rate"]
x = df_county_data["Median Income"]
county = df_county_data["County Name"]
house_size = df_county_data["Speak a language other than English"]
house_size = df_county_data["Speak a language other than English"]
grad_rate = df_county_data["Graduation Rate"]
grad_rate = df_county_data["Graduation Rate"]
county = df_county_data["County Name"]
pov_rate = df_county_data["Speak a language other than English"]
y = df_county_data["Graduation Rate"]
x = df_county_data["Speak a language other than English"]