x[x==-999]=np.NaN
z=x[:,~np.isnan(x).any(axis=0)]
x_test[x_test==-999]=np.NaN
z_test=x_test[:,~np.isnan(x_test).any(axis=0)]