data = pd.read_csv("../data/prices.csv")
aapl = data[data.symbol == "AAPL"]
aapl_close = aapl[["close"]]
aapl_change = aapl_close.apply(lambda x: np.log(x) - np.log(x.shift(1))) # shift moves dates back by 1.
dates = aapl[["date"]]
googl = data[data.symbol == "GOOGL"]