sessions = sessions.fillna(0)
sessions['date'] = pd.to_datetime(sessions.date)
sessions['scores'] = scores
sessions['hang_scores'] = hangboard_scores
sessions['gym_scores'] = gym_scores
sessions['climbing_scores'] = climbing_scores
sessions['arc_scores'] = arc_scores
sessions['tech_scores'] = tech_scores
sessions['power_scores'] = power_scores
sessions['yoga_scores'] = yoga_scores
doripa = sessions[sessions.monkey == 'doripa']
sunshine_sessions = sessions[sessions.monkey == 'sunshine']
athlete_tech_scores = athlete[athlete.tech_scores > 0]
athlete_hang_scores = athlete[athlete.hang > 0]
athlete_climbing_scores = athlete[athlete.climbing_scores > 0]
athelete_gym_scores = athlete[athlete.gym_scores > 0]
athlete['additional_index'] = x